Archive member included to satisfy reference by file (symbol)

C:/avr8-gnu-toolchain-win32_x86_64/bin/../lib/gcc/avr/15.1.0/avr5\libgcc.a(_umulhisi3.o)
                              C:\Users\HP\Desktop\NTI Training\Greenhouse\release\HAL\LM35\LM35_Program.c.o (__umulhisi3)
C:/avr8-gnu-toolchain-win32_x86_64/bin/../lib/gcc/avr/15.1.0/avr5\libgcc.a(_udivmodsi4.o)
                              C:\Users\HP\Desktop\NTI Training\Greenhouse\release\MCAL\TIMER0\TIMER0_Program.c.o (__udivmodsi4)
C:/avr8-gnu-toolchain-win32_x86_64/bin/../lib/gcc/avr/15.1.0/avr5\libgcc.a(_exit.o)
                              C:/avr8-gnu-toolchain-win32_x86_64/bin/../lib/gcc/avr/15.1.0/../../../../avr/lib/avr5/crtatmega32.o (exit)
C:/avr8-gnu-toolchain-win32_x86_64/bin/../lib/gcc/avr/15.1.0/avr5\libgcc.a(_copy_data.o)
                              C:\Users\HP\Desktop\NTI Training\Greenhouse\release\APP\climateControl.c.o (__do_copy_data)
C:/avr8-gnu-toolchain-win32_x86_64/bin/../lib/gcc/avr/15.1.0/avr5\libgcc.a(_clear_bss.o)
                              C:\Users\HP\Desktop\NTI Training\Greenhouse\release\APP\climateControl.c.o (__do_clear_bss)

There are no discarded input sections

Memory Configuration

Name             Origin             Length             Attributes
text             0x00000000         0x00008000         xr
data             0x00800060         0x00000800         rw!x
eeprom           0x00810000         0x00000400         rw!x
fuse             0x00820000         0x00000002         rw!x
lock             0x00830000         0x00000400         rw!x
signature        0x00840000         0x00000400         rw!x
user_signatures  0x00850000         0x00000400         rw!x
*default*        0x00000000         0xffffffff

Linker script and memory map

LOAD C:/avr8-gnu-toolchain-win32_x86_64/bin/../lib/gcc/avr/15.1.0/../../../../avr/lib/avr5/crtatmega32.o
LOAD C:\Users\HP\Desktop\NTI Training\Greenhouse\release\APP\climateControl.c.o
LOAD C:\Users\HP\Desktop\NTI Training\Greenhouse\release\APP\main.c.o
LOAD C:\Users\HP\Desktop\NTI Training\Greenhouse\release\APP\stateMachine.c.o
LOAD C:\Users\HP\Desktop\NTI Training\Greenhouse\release\HAL\BTN\BTN_Program.c.o
LOAD C:\Users\HP\Desktop\NTI Training\Greenhouse\release\HAL\KPD\KPD_Program.c.o
LOAD C:\Users\HP\Desktop\NTI Training\Greenhouse\release\HAL\LCD\LCD_Program.c.o
LOAD C:\Users\HP\Desktop\NTI Training\Greenhouse\release\HAL\LED\LED_Program.c.o
LOAD C:\Users\HP\Desktop\NTI Training\Greenhouse\release\HAL\LM35\LM35_Program.c.o
LOAD C:\Users\HP\Desktop\NTI Training\Greenhouse\release\HAL\RELAY\RELAY_Program.c.o
LOAD C:\Users\HP\Desktop\NTI Training\Greenhouse\release\HAL\SOIL_SENSOR\SOIL_SENSOR_Program.c.o
LOAD C:\Users\HP\Desktop\NTI Training\Greenhouse\release\main.c.o
LOAD C:\Users\HP\Desktop\NTI Training\Greenhouse\release\MCAL\ADC\ADC_Program.c.o
LOAD C:\Users\HP\Desktop\NTI Training\Greenhouse\release\MCAL\DIO\DIO_Program.c.o
LOAD C:\Users\HP\Desktop\NTI Training\Greenhouse\release\MCAL\EXTI\EXTI_Program.c.o
LOAD C:\Users\HP\Desktop\NTI Training\Greenhouse\release\MCAL\GIE\GIE_Program.c.o
LOAD C:\Users\HP\Desktop\NTI Training\Greenhouse\release\MCAL\TIMER0\TIMER0_Program.c.o
START GROUP
LOAD C:/avr8-gnu-toolchain-win32_x86_64/bin/../lib/gcc/avr/15.1.0/avr5\libgcc.a
LOAD C:/avr8-gnu-toolchain-win32_x86_64/bin/../lib/gcc/avr/15.1.0/../../../../avr/lib/avr5\libm.a
LOAD C:/avr8-gnu-toolchain-win32_x86_64/bin/../lib/gcc/avr/15.1.0/../../../../avr/lib/avr5\libc.a
LOAD C:/avr8-gnu-toolchain-win32_x86_64/bin/../lib/gcc/avr/15.1.0/../../../../avr/lib/avr5\libatmega32.a
END GROUP
                [0x00000000]                      __TEXT_REGION_ORIGIN__ = DEFINED (__TEXT_REGION_ORIGIN__)?__TEXT_REGION_ORIGIN__:0x0
                [0x00008000]                      __TEXT_REGION_LENGTH__ = DEFINED (__TEXT_REGION_LENGTH__)?__TEXT_REGION_LENGTH__:0x20000
                [0x00800060]                      __DATA_REGION_ORIGIN__ = DEFINED (__DATA_REGION_ORIGIN__)?__DATA_REGION_ORIGIN__:0x800060
                [0x00000800]                      __DATA_REGION_LENGTH__ = DEFINED (__DATA_REGION_LENGTH__)?__DATA_REGION_LENGTH__:0xffa0
                [0x00000400]                      __EEPROM_REGION_LENGTH__ = DEFINED (__EEPROM_REGION_LENGTH__)?__EEPROM_REGION_LENGTH__:0x10000
                [0x00000002]                      __FUSE_REGION_LENGTH__ = DEFINED (__FUSE_REGION_LENGTH__)?__FUSE_REGION_LENGTH__:0x400
                0x00000400                        __LOCK_REGION_LENGTH__ = DEFINED (__LOCK_REGION_LENGTH__)?__LOCK_REGION_LENGTH__:0x400
                0x00000400                        __SIGNATURE_REGION_LENGTH__ = DEFINED (__SIGNATURE_REGION_LENGTH__)?__SIGNATURE_REGION_LENGTH__:0x400
                0x00000400                        __USER_SIGNATURE_REGION_LENGTH__ = DEFINED (__USER_SIGNATURE_REGION_LENGTH__)?__USER_SIGNATURE_REGION_LENGTH__:0x400

.hash
 *(.hash)

.dynsym
 *(.dynsym)

.dynstr
 *(.dynstr)

.gnu.version
 *(.gnu.version)

.gnu.version_d
 *(.gnu.version_d)

.gnu.version_r
 *(.gnu.version_r)

.rel.init
 *(.rel.init)

.rela.init
 *(.rela.init)

.rel.text
 *(.rel.text)
 *(.rel.text.*)
 *(.rel.gnu.linkonce.t*)

.rela.text
 *(.rela.text)
 *(.rela.text.*)
 *(.rela.gnu.linkonce.t*)

.rel.fini
 *(.rel.fini)

.rela.fini
 *(.rela.fini)

.rel.rodata
 *(.rel.rodata)
 *(.rel.rodata.*)
 *(.rel.gnu.linkonce.r*)

.rela.rodata
 *(.rela.rodata)
 *(.rela.rodata.*)
 *(.rela.gnu.linkonce.r*)

.rel.data
 *(.rel.data)
 *(.rel.data.*)
 *(.rel.gnu.linkonce.d*)

.rela.data
 *(.rela.data)
 *(.rela.data.*)
 *(.rela.gnu.linkonce.d*)

.rel.ctors
 *(.rel.ctors)

.rela.ctors
 *(.rela.ctors)

.rel.dtors
 *(.rel.dtors)

.rela.dtors
 *(.rela.dtors)

.rel.got
 *(.rel.got)

.rela.got
 *(.rela.got)

.rel.bss
 *(.rel.bss)

.rela.bss
 *(.rela.bss)

.rel.plt
 *(.rel.plt)

.rela.plt
 *(.rela.plt)

.text           0x00000000     0x14e8
 *(.vectors)
 .vectors       0x00000000       0x54 C:/avr8-gnu-toolchain-win32_x86_64/bin/../lib/gcc/avr/15.1.0/../../../../avr/lib/avr5/crtatmega32.o
                0x00000000                __vector_default
                0x00000000                __vectors
 *(.vectors)
 *(.progmem.gcc*)
                0x00000054                        . = ALIGN (0x2)
                0x00000054                        __trampolines_start = .
 *(.trampolines)
 .trampolines   0x00000054        0x0 linker stubs
 *(.trampolines*)
                0x00000054                        __trampolines_end = .
 *libprintf_flt.a:*(.progmem.data)
 *libc.a:*(.progmem.data)
 *(.progmem.*)
                0x00000054                        . = ALIGN (0x2)
 *(.lowtext)
 *(.lowtext*)
                0x00000054                        __ctors_start = .
 *(.ctors)
                0x00000054                        __ctors_end = .
                0x00000054                        __dtors_start = .
 *(.dtors)
                0x00000054                        __dtors_end = .
 SORT_BY_NAME(*)(.ctors)
 SORT_BY_NAME(*)(.dtors)
 *(.init0)
 .init0         0x00000054        0x0 C:/avr8-gnu-toolchain-win32_x86_64/bin/../lib/gcc/avr/15.1.0/../../../../avr/lib/avr5/crtatmega32.o
                0x00000054                __init
 *(.init0)
 *(.init1)
 *(.init1)
 *(.init2)
 .init2         0x00000054        0xc C:/avr8-gnu-toolchain-win32_x86_64/bin/../lib/gcc/avr/15.1.0/../../../../avr/lib/avr5/crtatmega32.o
 *(.init2)
 *(.init3)
 *(.init3)
 *(.init4)
 .init4         0x00000060       0x16 C:/avr8-gnu-toolchain-win32_x86_64/bin/../lib/gcc/avr/15.1.0/avr5\libgcc.a(_copy_data.o)
                0x00000060                __do_copy_data
 .init4         0x00000076       0x10 C:/avr8-gnu-toolchain-win32_x86_64/bin/../lib/gcc/avr/15.1.0/avr5\libgcc.a(_clear_bss.o)
                0x00000076                __do_clear_bss
 *(.init4)
 *(.init5)
 *(.init5)
 *(.init6)
 *(.init6)
 *(.init7)
 *(.init7)
 *(.init8)
 *(.init8)
 *(.init9)
 .init9         0x00000086        0x8 C:/avr8-gnu-toolchain-win32_x86_64/bin/../lib/gcc/avr/15.1.0/../../../../avr/lib/avr5/crtatmega32.o
 *(.init9)
 *(.text)
 .text          0x0000008e        0x4 C:/avr8-gnu-toolchain-win32_x86_64/bin/../lib/gcc/avr/15.1.0/../../../../avr/lib/avr5/crtatmega32.o
                0x0000008e                __vector_1
                0x0000008e                __vector_12
                0x0000008e                __bad_interrupt
                0x0000008e                __vector_6
                0x0000008e                __vector_3
                0x0000008e                __vector_13
                0x0000008e                __vector_17
                0x0000008e                __vector_19
                0x0000008e                __vector_7
                0x0000008e                __vector_5
                0x0000008e                __vector_4
                0x0000008e                __vector_9
                0x0000008e                __vector_2
                0x0000008e                __vector_15
                0x0000008e                __vector_8
                0x0000008e                __vector_14
                0x0000008e                __vector_16
                0x0000008e                __vector_18
                0x0000008e                __vector_20
 .text          0x00000092       0xb0 C:\Users\HP\Desktop\NTI Training\Greenhouse\release\APP\climateControl.c.o
                0x00000092                StateMachine_ClimateControll
 .text          0x00000142        0x0 C:\Users\HP\Desktop\NTI Training\Greenhouse\release\APP\main.c.o
 .text          0x00000142      0x55e C:\Users\HP\Desktop\NTI Training\Greenhouse\release\APP\stateMachine.c.o
                0x00000142                System_Timer
                0x00000162                GreenHouse_Init
                0x00000206                GreenHouse_Update
 .text          0x000006a0       0x36 C:\Users\HP\Desktop\NTI Training\Greenhouse\release\HAL\BTN\BTN_Program.c.o
                0x000006a0                Button_Init
                0x000006c6                Button_GetState
 .text          0x000006d6      0x10a C:\Users\HP\Desktop\NTI Training\Greenhouse\release\HAL\KPD\KPD_Program.c.o
                0x000006d6                KPD_Init
                0x00000762                KPD_GetButtonValue
 .text          0x000007e0      0x46e C:\Users\HP\Desktop\NTI Training\Greenhouse\release\HAL\LCD\LCD_Program.c.o
                0x000007e0                LCD_WriteData
                0x00000892                LCD_WriteInstruction
                0x00000944                LCD_Init
                0x00000a9c                LCD_WriteString
                0x00000ae4                LCD_GotoXY
                0x00000b50                LCD_Clear
                0x00000b9a                LCD_WriteNumber
 .text          0x00000c4e      0x162 C:\Users\HP\Desktop\NTI Training\Greenhouse\release\HAL\LED\LED_Program.c.o
                0x00000c4e                Led_Init
                0x00000c7e                Led_on
                0x00000c8e                Led_off
                0x00000ca4                All_Led_Controll
 .text          0x00000db0       0x4a C:\Users\HP\Desktop\NTI Training\Greenhouse\release\HAL\LM35\LM35_Program.c.o
                0x00000db0                LM35_Init
                0x00000dd4                LM35_GetTemp
 .text          0x00000dfa      0x120 C:\Users\HP\Desktop\NTI Training\Greenhouse\release\HAL\RELAY\RELAY_Program.c.o
                0x00000dfa                WaterPump_Init
                0x00000e24                Heater_Init
                0x00000e4e                Fan_Init
                0x00000e78                WaterPump_Toggle
                0x00000e92                Heater_Toggle
                0x00000eac                Fan_Toggle
                0x00000ec6                WaterPump_On
                0x00000ed4                Heater_On
                0x00000ee2                Fan_On
                0x00000ef0                WaterPump_Off
                0x00000efe                Heater_Off
                0x00000f0c                Fan_Off
 .text          0x00000f1a       0x4c C:\Users\HP\Desktop\NTI Training\Greenhouse\release\HAL\SOIL_SENSOR\SOIL_SENSOR_Program.c.o
                0x00000f1a                POT_Init
                0x00000f3e                POT_GetMoisture
 .text          0x00000f66        0x0 C:\Users\HP\Desktop\NTI Training\Greenhouse\release\main.c.o
 .text          0x00000f66       0xa0 C:\Users\HP\Desktop\NTI Training\Greenhouse\release\MCAL\ADC\ADC_Program.c.o
                0x00000f66                ADC_Init
                0x00000fe6                ADC_ReadChannelPolling
                0x00000ffa                ADC_StartConvserionInterrupt
 .text          0x00001006      0x1aa C:\Users\HP\Desktop\NTI Training\Greenhouse\release\MCAL\DIO\DIO_Program.c.o
                0x00001006                DIO_InitPin
                0x00001082                DIO_InitGroup
                0x000010a2                DIO_WritePin
                0x0000111e                DIO_WriteGroup
                0x0000113e                DIO_ReadPin
                0x0000117a                DIO_ReadGroup
 .text          0x000011b0       0xba C:\Users\HP\Desktop\NTI Training\Greenhouse\release\MCAL\EXTI\EXTI_Program.c.o
                0x000011b0                EXTI_Init
                0x00001222                EXTI_Enable
                0x00001246                EXTI_Disable
 .text          0x0000126a       0x10 C:\Users\HP\Desktop\NTI Training\Greenhouse\release\MCAL\GIE\GIE_Program.c.o
                0x0000126a                GIE_Enable
                0x00001272                GIE_Disable
 .text          0x0000127a      0x1f4 C:\Users\HP\Desktop\NTI Training\Greenhouse\release\MCAL\TIMER0\TIMER0_Program.c.o
                0x0000127a                TIMER0_Init
                0x00001340                TIMER0_Start
                0x0000134e                TIMER0_Stop
                0x00001356                TIMER0_SetPreload
                0x0000135a                TIMER0_SetCompare
                0x0000135e                TIMER0_SetCallBackFunction
                0x00001386                TIMER0_SetPWMDutyCycle
                0x000013d2                __vector_10
                0x00001420                __vector_11
 .text          0x0000146e        0x0 C:/avr8-gnu-toolchain-win32_x86_64/bin/../lib/gcc/avr/15.1.0/avr5\libgcc.a(_umulhisi3.o)
 .text          0x0000146e        0x0 C:/avr8-gnu-toolchain-win32_x86_64/bin/../lib/gcc/avr/15.1.0/avr5\libgcc.a(_udivmodsi4.o)
 .text          0x0000146e        0x0 C:/avr8-gnu-toolchain-win32_x86_64/bin/../lib/gcc/avr/15.1.0/avr5\libgcc.a(_exit.o)
 .text          0x0000146e        0x0 C:/avr8-gnu-toolchain-win32_x86_64/bin/../lib/gcc/avr/15.1.0/avr5\libgcc.a(_copy_data.o)
 .text          0x0000146e        0x0 C:/avr8-gnu-toolchain-win32_x86_64/bin/../lib/gcc/avr/15.1.0/avr5\libgcc.a(_clear_bss.o)
                0x0000146e                        . = ALIGN (0x2)
 *(.text.*)
 .text.startup  0x0000146e       0x14 C:\Users\HP\Desktop\NTI Training\Greenhouse\release\APP\main.c.o
                0x0000146e                main
 .text.libgcc.mul
                0x00001482       0x1e C:/avr8-gnu-toolchain-win32_x86_64/bin/../lib/gcc/avr/15.1.0/avr5\libgcc.a(_umulhisi3.o)
                0x00001482                __umulhisi3
 .text.libgcc.div
                0x000014a0        0x0 C:/avr8-gnu-toolchain-win32_x86_64/bin/../lib/gcc/avr/15.1.0/avr5\libgcc.a(_umulhisi3.o)
 .text.libgcc   0x000014a0        0x0 C:/avr8-gnu-toolchain-win32_x86_64/bin/../lib/gcc/avr/15.1.0/avr5\libgcc.a(_umulhisi3.o)
 .text.libgcc.prologue
                0x000014a0        0x0 C:/avr8-gnu-toolchain-win32_x86_64/bin/../lib/gcc/avr/15.1.0/avr5\libgcc.a(_umulhisi3.o)
 .text.libgcc.builtins
                0x000014a0        0x0 C:/avr8-gnu-toolchain-win32_x86_64/bin/../lib/gcc/avr/15.1.0/avr5\libgcc.a(_umulhisi3.o)
 .text.libgcc.fmul
                0x000014a0        0x0 C:/avr8-gnu-toolchain-win32_x86_64/bin/../lib/gcc/avr/15.1.0/avr5\libgcc.a(_umulhisi3.o)
 .text.libgcc.fixed
                0x000014a0        0x0 C:/avr8-gnu-toolchain-win32_x86_64/bin/../lib/gcc/avr/15.1.0/avr5\libgcc.a(_umulhisi3.o)
 .text.libgcc.mul
                0x000014a0        0x0 C:/avr8-gnu-toolchain-win32_x86_64/bin/../lib/gcc/avr/15.1.0/avr5\libgcc.a(_udivmodsi4.o)
 .text.libgcc.div
                0x000014a0       0x44 C:/avr8-gnu-toolchain-win32_x86_64/bin/../lib/gcc/avr/15.1.0/avr5\libgcc.a(_udivmodsi4.o)
                0x000014a0                __udivmodsi4
 .text.libgcc   0x000014e4        0x0 C:/avr8-gnu-toolchain-win32_x86_64/bin/../lib/gcc/avr/15.1.0/avr5\libgcc.a(_udivmodsi4.o)
 .text.libgcc.prologue
                0x000014e4        0x0 C:/avr8-gnu-toolchain-win32_x86_64/bin/../lib/gcc/avr/15.1.0/avr5\libgcc.a(_udivmodsi4.o)
 .text.libgcc.builtins
                0x000014e4        0x0 C:/avr8-gnu-toolchain-win32_x86_64/bin/../lib/gcc/avr/15.1.0/avr5\libgcc.a(_udivmodsi4.o)
 .text.libgcc.fmul
                0x000014e4        0x0 C:/avr8-gnu-toolchain-win32_x86_64/bin/../lib/gcc/avr/15.1.0/avr5\libgcc.a(_udivmodsi4.o)
 .text.libgcc.fixed
                0x000014e4        0x0 C:/avr8-gnu-toolchain-win32_x86_64/bin/../lib/gcc/avr/15.1.0/avr5\libgcc.a(_udivmodsi4.o)
 .text.libgcc.mul
                0x000014e4        0x0 C:/avr8-gnu-toolchain-win32_x86_64/bin/../lib/gcc/avr/15.1.0/avr5\libgcc.a(_exit.o)
 .text.libgcc.div
                0x000014e4        0x0 C:/avr8-gnu-toolchain-win32_x86_64/bin/../lib/gcc/avr/15.1.0/avr5\libgcc.a(_exit.o)
 .text.libgcc   0x000014e4        0x0 C:/avr8-gnu-toolchain-win32_x86_64/bin/../lib/gcc/avr/15.1.0/avr5\libgcc.a(_exit.o)
 .text.libgcc.prologue
                0x000014e4        0x0 C:/avr8-gnu-toolchain-win32_x86_64/bin/../lib/gcc/avr/15.1.0/avr5\libgcc.a(_exit.o)
 .text.libgcc.builtins
                0x000014e4        0x0 C:/avr8-gnu-toolchain-win32_x86_64/bin/../lib/gcc/avr/15.1.0/avr5\libgcc.a(_exit.o)
 .text.libgcc.fmul
                0x000014e4        0x0 C:/avr8-gnu-toolchain-win32_x86_64/bin/../lib/gcc/avr/15.1.0/avr5\libgcc.a(_exit.o)
 .text.libgcc.fixed
                0x000014e4        0x0 C:/avr8-gnu-toolchain-win32_x86_64/bin/../lib/gcc/avr/15.1.0/avr5\libgcc.a(_exit.o)
 .text.libgcc.mul
                0x000014e4        0x0 C:/avr8-gnu-toolchain-win32_x86_64/bin/../lib/gcc/avr/15.1.0/avr5\libgcc.a(_copy_data.o)
 .text.libgcc.div
                0x000014e4        0x0 C:/avr8-gnu-toolchain-win32_x86_64/bin/../lib/gcc/avr/15.1.0/avr5\libgcc.a(_copy_data.o)
 .text.libgcc   0x000014e4        0x0 C:/avr8-gnu-toolchain-win32_x86_64/bin/../lib/gcc/avr/15.1.0/avr5\libgcc.a(_copy_data.o)
 .text.libgcc.prologue
                0x000014e4        0x0 C:/avr8-gnu-toolchain-win32_x86_64/bin/../lib/gcc/avr/15.1.0/avr5\libgcc.a(_copy_data.o)
 .text.libgcc.builtins
                0x000014e4        0x0 C:/avr8-gnu-toolchain-win32_x86_64/bin/../lib/gcc/avr/15.1.0/avr5\libgcc.a(_copy_data.o)
 .text.libgcc.fmul
                0x000014e4        0x0 C:/avr8-gnu-toolchain-win32_x86_64/bin/../lib/gcc/avr/15.1.0/avr5\libgcc.a(_copy_data.o)
 .text.libgcc.fixed
                0x000014e4        0x0 C:/avr8-gnu-toolchain-win32_x86_64/bin/../lib/gcc/avr/15.1.0/avr5\libgcc.a(_copy_data.o)
 .text.libgcc.mul
                0x000014e4        0x0 C:/avr8-gnu-toolchain-win32_x86_64/bin/../lib/gcc/avr/15.1.0/avr5\libgcc.a(_clear_bss.o)
 .text.libgcc.div
                0x000014e4        0x0 C:/avr8-gnu-toolchain-win32_x86_64/bin/../lib/gcc/avr/15.1.0/avr5\libgcc.a(_clear_bss.o)
 .text.libgcc   0x000014e4        0x0 C:/avr8-gnu-toolchain-win32_x86_64/bin/../lib/gcc/avr/15.1.0/avr5\libgcc.a(_clear_bss.o)
 .text.libgcc.prologue
                0x000014e4        0x0 C:/avr8-gnu-toolchain-win32_x86_64/bin/../lib/gcc/avr/15.1.0/avr5\libgcc.a(_clear_bss.o)
 .text.libgcc.builtins
                0x000014e4        0x0 C:/avr8-gnu-toolchain-win32_x86_64/bin/../lib/gcc/avr/15.1.0/avr5\libgcc.a(_clear_bss.o)
 .text.libgcc.fmul
                0x000014e4        0x0 C:/avr8-gnu-toolchain-win32_x86_64/bin/../lib/gcc/avr/15.1.0/avr5\libgcc.a(_clear_bss.o)
 .text.libgcc.fixed
                0x000014e4        0x0 C:/avr8-gnu-toolchain-win32_x86_64/bin/../lib/gcc/avr/15.1.0/avr5\libgcc.a(_clear_bss.o)
                0x000014e4                        . = ALIGN (0x2)
 *(.fini9)
 .fini9         0x000014e4        0x0 C:/avr8-gnu-toolchain-win32_x86_64/bin/../lib/gcc/avr/15.1.0/avr5\libgcc.a(_exit.o)
                0x000014e4                _exit
                0x000014e4                exit
 *(.fini9)
 *(.fini8)
 *(.fini8)
 *(.fini7)
 *(.fini7)
 *(.fini6)
 *(.fini6)
 *(.fini5)
 *(.fini5)
 *(.fini4)
 *(.fini4)
 *(.fini3)
 *(.fini3)
 *(.fini2)
 *(.fini2)
 *(.fini1)
 *(.fini1)
 *(.fini0)
 .fini0         0x000014e4        0x4 C:/avr8-gnu-toolchain-win32_x86_64/bin/../lib/gcc/avr/15.1.0/avr5\libgcc.a(_exit.o)
 *(.fini0)
 *(.hightext)
 *(.hightext*)
 *(.progmemx.*)
                0x000014e8                        . = ALIGN (0x2)
 *(.jumptables)
 *(.jumptables*)
                0x000014e8                        _etext = .

.data           0x00800060       0x8c load address 0x000014e8
                0x00800060                        PROVIDE (__data_start = .)
 *(.data)
 .data          0x00800060        0x0 C:/avr8-gnu-toolchain-win32_x86_64/bin/../lib/gcc/avr/15.1.0/../../../../avr/lib/avr5/crtatmega32.o
 .data          0x00800060        0x2 C:\Users\HP\Desktop\NTI Training\Greenhouse\release\APP\climateControl.c.o
                0x00800060                UI_Flag
                0x00800061                ControlMode
 .data          0x00800062        0x0 C:\Users\HP\Desktop\NTI Training\Greenhouse\release\APP\main.c.o
 .data          0x00800062        0xf C:\Users\HP\Desktop\NTI Training\Greenhouse\release\APP\stateMachine.c.o
                0x00800062                Timer0_Config
                0x00800067                Adc_Config
 .data          0x00800071        0x0 C:\Users\HP\Desktop\NTI Training\Greenhouse\release\HAL\BTN\BTN_Program.c.o
 .data          0x00800071        0x0 C:\Users\HP\Desktop\NTI Training\Greenhouse\release\HAL\KPD\KPD_Program.c.o
 .data          0x00800071        0x0 C:\Users\HP\Desktop\NTI Training\Greenhouse\release\HAL\LCD\LCD_Program.c.o
 .data          0x00800071        0x0 C:\Users\HP\Desktop\NTI Training\Greenhouse\release\HAL\LED\LED_Program.c.o
 .data          0x00800071        0x0 C:\Users\HP\Desktop\NTI Training\Greenhouse\release\HAL\LM35\LM35_Program.c.o
 .data          0x00800071        0x0 C:\Users\HP\Desktop\NTI Training\Greenhouse\release\HAL\RELAY\RELAY_Program.c.o
 .data          0x00800071        0x0 C:\Users\HP\Desktop\NTI Training\Greenhouse\release\HAL\SOIL_SENSOR\SOIL_SENSOR_Program.c.o
 .data          0x00800071        0x0 C:\Users\HP\Desktop\NTI Training\Greenhouse\release\main.c.o
 .data          0x00800071        0x0 C:\Users\HP\Desktop\NTI Training\Greenhouse\release\MCAL\ADC\ADC_Program.c.o
 .data          0x00800071        0x0 C:\Users\HP\Desktop\NTI Training\Greenhouse\release\MCAL\DIO\DIO_Program.c.o
 .data          0x00800071        0x0 C:\Users\HP\Desktop\NTI Training\Greenhouse\release\MCAL\EXTI\EXTI_Program.c.o
 .data          0x00800071        0x0 C:\Users\HP\Desktop\NTI Training\Greenhouse\release\MCAL\GIE\GIE_Program.c.o
 .data          0x00800071        0x0 C:\Users\HP\Desktop\NTI Training\Greenhouse\release\MCAL\TIMER0\TIMER0_Program.c.o
 .data          0x00800071        0x0 C:/avr8-gnu-toolchain-win32_x86_64/bin/../lib/gcc/avr/15.1.0/avr5\libgcc.a(_umulhisi3.o)
 .data          0x00800071        0x0 C:/avr8-gnu-toolchain-win32_x86_64/bin/../lib/gcc/avr/15.1.0/avr5\libgcc.a(_udivmodsi4.o)
 .data          0x00800071        0x0 C:/avr8-gnu-toolchain-win32_x86_64/bin/../lib/gcc/avr/15.1.0/avr5\libgcc.a(_exit.o)
 .data          0x00800071        0x0 C:/avr8-gnu-toolchain-win32_x86_64/bin/../lib/gcc/avr/15.1.0/avr5\libgcc.a(_copy_data.o)
 .data          0x00800071        0x0 C:/avr8-gnu-toolchain-win32_x86_64/bin/../lib/gcc/avr/15.1.0/avr5\libgcc.a(_clear_bss.o)
 *(.data*)
 *(.gnu.linkonce.d*)
 *(.rodata)
 .rodata        0x00800071        0xc C:\Users\HP\Desktop\NTI Training\Greenhouse\release\HAL\KPD\KPD_Program.c.o
 *(.rodata*)
 .rodata.str1.1
                0x0080007d       0x6f C:\Users\HP\Desktop\NTI Training\Greenhouse\release\APP\climateControl.c.o
                                 0x1a (size before relaxing)
 .rodata.str1.1
                0x008000ec       0x55 C:\Users\HP\Desktop\NTI Training\Greenhouse\release\APP\stateMachine.c.o
 *(.gnu.linkonce.r*)
                0x00800142                        . = ALIGN (0x2)
                0x008000ec                        _edata = .
                0x008000ec                        PROVIDE (__data_end = .)

.bss            0x008000ec       0x24
                0x008000ec                        PROVIDE (__bss_start = .)
 *(.bss)
 .bss           0x008000ec        0x0 C:/avr8-gnu-toolchain-win32_x86_64/bin/../lib/gcc/avr/15.1.0/../../../../avr/lib/avr5/crtatmega32.o
 .bss           0x008000ec        0x4 C:\Users\HP\Desktop\NTI Training\Greenhouse\release\APP\climateControl.c.o
                0x008000ec                No_FullCycle
                0x008000ed                CurrentState
                0x008000ee                Moist
                0x008000ef                Temp
 .bss           0x008000f0        0x0 C:\Users\HP\Desktop\NTI Training\Greenhouse\release\APP\main.c.o
 .bss           0x008000f0       0x13 C:\Users\HP\Desktop\NTI Training\Greenhouse\release\APP\stateMachine.c.o
                0x008000f0                CurrState_Pump
                0x008000f1                CurrState_Heater
                0x008000f2                CurrState_Fan
 .bss           0x00800103        0x0 C:\Users\HP\Desktop\NTI Training\Greenhouse\release\HAL\BTN\BTN_Program.c.o
 .bss           0x00800103        0x0 C:\Users\HP\Desktop\NTI Training\Greenhouse\release\HAL\KPD\KPD_Program.c.o
 .bss           0x00800103        0x0 C:\Users\HP\Desktop\NTI Training\Greenhouse\release\HAL\LCD\LCD_Program.c.o
 .bss           0x00800103        0x0 C:\Users\HP\Desktop\NTI Training\Greenhouse\release\HAL\LED\LED_Program.c.o
 .bss           0x00800103        0x1 C:\Users\HP\Desktop\NTI Training\Greenhouse\release\HAL\LM35\LM35_Program.c.o
 .bss           0x00800104        0x6 C:\Users\HP\Desktop\NTI Training\Greenhouse\release\HAL\RELAY\RELAY_Program.c.o
 .bss           0x0080010a        0x1 C:\Users\HP\Desktop\NTI Training\Greenhouse\release\HAL\SOIL_SENSOR\SOIL_SENSOR_Program.c.o
 .bss           0x0080010b        0x0 C:\Users\HP\Desktop\NTI Training\Greenhouse\release\main.c.o
 .bss           0x0080010b        0x0 C:\Users\HP\Desktop\NTI Training\Greenhouse\release\MCAL\ADC\ADC_Program.c.o
 .bss           0x0080010b        0x0 C:\Users\HP\Desktop\NTI Training\Greenhouse\release\MCAL\DIO\DIO_Program.c.o
 .bss           0x0080010b        0x0 C:\Users\HP\Desktop\NTI Training\Greenhouse\release\MCAL\EXTI\EXTI_Program.c.o
 .bss           0x0080010b        0x0 C:\Users\HP\Desktop\NTI Training\Greenhouse\release\MCAL\GIE\GIE_Program.c.o
 .bss           0x0080010b        0x5 C:\Users\HP\Desktop\NTI Training\Greenhouse\release\MCAL\TIMER0\TIMER0_Program.c.o
 .bss           0x00800110        0x0 C:/avr8-gnu-toolchain-win32_x86_64/bin/../lib/gcc/avr/15.1.0/avr5\libgcc.a(_umulhisi3.o)
 .bss           0x00800110        0x0 C:/avr8-gnu-toolchain-win32_x86_64/bin/../lib/gcc/avr/15.1.0/avr5\libgcc.a(_udivmodsi4.o)
 .bss           0x00800110        0x0 C:/avr8-gnu-toolchain-win32_x86_64/bin/../lib/gcc/avr/15.1.0/avr5\libgcc.a(_exit.o)
 .bss           0x00800110        0x0 C:/avr8-gnu-toolchain-win32_x86_64/bin/../lib/gcc/avr/15.1.0/avr5\libgcc.a(_copy_data.o)
 .bss           0x00800110        0x0 C:/avr8-gnu-toolchain-win32_x86_64/bin/../lib/gcc/avr/15.1.0/avr5\libgcc.a(_clear_bss.o)
 *(.bss*)
 *(COMMON)
                0x00800110                        PROVIDE (__bss_end = .)
                0x000014e8                        __data_load_start = LOADADDR (.data)
                0x00001574                        __data_load_end = (__data_load_start + SIZEOF (.data))

.noinit         0x00800110        0x0
                [!provide]                        PROVIDE (__noinit_start = .)
 *(.noinit .noinit.* .gnu.linkonce.n.*)
                [!provide]                        PROVIDE (__noinit_end = .)
                0x00800110                        _end = .
                [!provide]                        PROVIDE (__heap_start = .)
                0x00000000                        __flmap_init_label = DEFINED (__flmap_noinit_start)?__flmap_noinit_start:0x0
                0x00000000                        __flmap = DEFINED (__flmap)?__flmap:0x0

.eeprom         0x00810000        0x0
 *(.eeprom*)
                0x00810000                        __eeprom_end = .

.fuse
 *(.fuse)
 *(.lfuse)
 *(.hfuse)
 *(.efuse)

.lock
 *(.lock*)

.signature
 *(.signature*)

.stab
 *(.stab)

.stabstr
 *(.stabstr)

.stab.excl
 *(.stab.excl)

.stab.exclstr
 *(.stab.exclstr)

.stab.index
 *(.stab.index)

.stab.indexstr
 *(.stab.indexstr)

.comment        0x00000000       0x2f
 *(.comment)
 .comment       0x00000000       0x2f C:\Users\HP\Desktop\NTI Training\Greenhouse\release\APP\climateControl.c.o
                                 0x30 (size before relaxing)
 .comment       0x0000002f       0x30 C:\Users\HP\Desktop\NTI Training\Greenhouse\release\APP\main.c.o
 .comment       0x0000002f       0x30 C:\Users\HP\Desktop\NTI Training\Greenhouse\release\APP\stateMachine.c.o
 .comment       0x0000002f       0x30 C:\Users\HP\Desktop\NTI Training\Greenhouse\release\HAL\BTN\BTN_Program.c.o
 .comment       0x0000002f       0x30 C:\Users\HP\Desktop\NTI Training\Greenhouse\release\HAL\KPD\KPD_Program.c.o
 .comment       0x0000002f       0x30 C:\Users\HP\Desktop\NTI Training\Greenhouse\release\HAL\LCD\LCD_Program.c.o
 .comment       0x0000002f       0x30 C:\Users\HP\Desktop\NTI Training\Greenhouse\release\HAL\LED\LED_Program.c.o
 .comment       0x0000002f       0x30 C:\Users\HP\Desktop\NTI Training\Greenhouse\release\HAL\LM35\LM35_Program.c.o
 .comment       0x0000002f       0x30 C:\Users\HP\Desktop\NTI Training\Greenhouse\release\HAL\RELAY\RELAY_Program.c.o
 .comment       0x0000002f       0x30 C:\Users\HP\Desktop\NTI Training\Greenhouse\release\HAL\SOIL_SENSOR\SOIL_SENSOR_Program.c.o
 .comment       0x0000002f       0x30 C:\Users\HP\Desktop\NTI Training\Greenhouse\release\main.c.o
 .comment       0x0000002f       0x30 C:\Users\HP\Desktop\NTI Training\Greenhouse\release\MCAL\ADC\ADC_Program.c.o
 .comment       0x0000002f       0x30 C:\Users\HP\Desktop\NTI Training\Greenhouse\release\MCAL\DIO\DIO_Program.c.o
 .comment       0x0000002f       0x30 C:\Users\HP\Desktop\NTI Training\Greenhouse\release\MCAL\EXTI\EXTI_Program.c.o
 .comment       0x0000002f       0x30 C:\Users\HP\Desktop\NTI Training\Greenhouse\release\MCAL\GIE\GIE_Program.c.o
 .comment       0x0000002f       0x30 C:\Users\HP\Desktop\NTI Training\Greenhouse\release\MCAL\TIMER0\TIMER0_Program.c.o

.note.gnu.avr.deviceinfo
                0x00000000       0x3c
 .note.gnu.avr.deviceinfo
                0x00000000       0x3c C:/avr8-gnu-toolchain-win32_x86_64/bin/../lib/gcc/avr/15.1.0/../../../../avr/lib/avr5/crtatmega32.o

.gnu.build.attributes
 *(.gnu.build.attributes .gnu.build.attributes.*)

.note.gnu.build-id
 *(.note.gnu.build-id)

.debug
 *(.debug)

.line
 *(.line)

.debug_srcinfo
 *(.debug_srcinfo)

.debug_sfnames
 *(.debug_sfnames)

.debug_aranges
 *(.debug_aranges)

.debug_pubnames
 *(.debug_pubnames)

.debug_info     0x00000000      0x4e6
 *(.debug_info .gnu.linkonce.wi.*)
 .debug_info    0x00000000      0x4e6 C:/avr8-gnu-toolchain-win32_x86_64/bin/../lib/gcc/avr/15.1.0/../../../../avr/lib/avr5/crtatmega32.o

.debug_abbrev   0x00000000      0x4a3
 *(.debug_abbrev)
 .debug_abbrev  0x00000000      0x4a3 C:/avr8-gnu-toolchain-win32_x86_64/bin/../lib/gcc/avr/15.1.0/../../../../avr/lib/avr5/crtatmega32.o

.debug_line     0x00000000       0x1d
 *(.debug_line .debug_line.* .debug_line_end)
 .debug_line    0x00000000       0x1d C:/avr8-gnu-toolchain-win32_x86_64/bin/../lib/gcc/avr/15.1.0/../../../../avr/lib/avr5/crtatmega32.o

.debug_frame
 *(.debug_frame)

.debug_str      0x00000000      0x196
 *(.debug_str)
 .debug_str     0x00000000      0x196 C:/avr8-gnu-toolchain-win32_x86_64/bin/../lib/gcc/avr/15.1.0/../../../../avr/lib/avr5/crtatmega32.o

.debug_loc
 *(.debug_loc)

.debug_macinfo
 *(.debug_macinfo)

.debug_weaknames
 *(.debug_weaknames)

.debug_funcnames
 *(.debug_funcnames)

.debug_typenames
 *(.debug_typenames)

.debug_varnames
 *(.debug_varnames)

.debug_pubtypes
 *(.debug_pubtypes)

.debug_ranges
 *(.debug_ranges)

.debug_addr
 *(.debug_addr)

.debug_line_str
 *(.debug_line_str)

.debug_loclists
 *(.debug_loclists)

.debug_macro
 *(.debug_macro)

.debug_names
 *(.debug_names)

.debug_rnglists
 *(.debug_rnglists)

.debug_str_offsets
 *(.debug_str_offsets)

.debug_sup
 *(.debug_sup)
OUTPUT(C:\Users\HP\Desktop\NTI Training\Greenhouse\release\Firmware.elf elf32-avr)
LOAD linker stubs
